<?xml version="1.0" encoding="UTF-8"?>
<testsuites name="Mocha Tests" time="1.2" tests="17" failures="0">
  <testsuite name="Root Suite" timestamp="2018-04-09T19:22:38" tests="0" failures="0" time="0">
  </testsuite>
  <testsuite name="Domain" timestamp="2018-04-09T19:22:38" tests="2" file="D:\Work\Projekty\UniMapperJS_TS\test\test.js" failures="0" time="0.035">
    <testcase name="Domain Can be instantiated" time="0.001" classname="Can be instantiated">
    </testcase>
    <testcase name="Domain Can create and close connection" time="0.034" classname="Can create and close connection">
    </testcase>
  </testsuite>
  <testsuite name="Migration" timestamp="2018-04-09T19:22:38" tests="4" file="D:\Work\Projekty\UniMapperJS_TS\test\test.js" failures="0" time="0.44799999999999995">
    <testcase name="Migration Can be generated" time="0.012" classname="Can be generated">
    </testcase>
    <testcase name="Migration Can be performed" time="0.056" classname="Can be performed">
    </testcase>
    <testcase name="Migration Is generated correctly" time="0.033" classname="Is generated correctly">
    </testcase>
    <testcase name="Migration Is performed correctly" time="0.347" classname="Is performed correctly">
    </testcase>
  </testsuite>
  <testsuite name="Entity" timestamp="2018-04-09T19:22:38" tests="5" file="D:\Work\Projekty\UniMapperJS_TS\test\test.js" failures="0" time="0.034">
    <testcase name="Entity can be stored" time="0.01" classname="can be stored">
    </testcase>
    <testcase name="Entity can be loaded (getAll)" time="0.004" classname="can be loaded (getAll)">
    </testcase>
    <testcase name="Entity can be loaded (getById)" time="0.002" classname="can be loaded (getById)">
    </testcase>
    <testcase name="Entity can be updated" time="0.01" classname="can be updated">
    </testcase>
    <testcase name="Entity can be deleted" time="0.008" classname="can be deleted">
    </testcase>
  </testsuite>
  <testsuite name="Relational operations" timestamp="2018-04-09T19:22:38" tests="3" file="D:\Work\Projekty\UniMapperJS_TS\test\test.js" failures="0" time="0.06">
    <testcase name="Relational operations access *:1 navigation property" time="0.014" classname="access *:1 navigation property">
    </testcase>
    <testcase name="Relational operations assign related entity to *:1 navigation property" time="0.023" classname="assign related entity to *:1 navigation property">
    </testcase>
    <testcase name="Relational operations access 1:N navigation property" time="0.023" classname="access 1:N navigation property">
    </testcase>
  </testsuite>
  <testsuite name="Entity instantion" timestamp="2018-04-09T19:22:39" tests="2" file="D:\Work\Projekty\UniMapperJS_TS\test\test.js" failures="0" time="0.62">
    <testcase name="Entity instantion Should be created" time="0" classname="Should be created">
    </testcase>
    <testcase name="Entity instantion Should be able to create 1M instances under 1 second" time="0.62" classname="Should be able to create 1M instances under 1 second">
    </testcase>
  </testsuite>
  <testsuite name="Domain" timestamp="2018-04-09T19:22:39" tests="1" file="D:\Work\Projekty\UniMapperJS_TS\test\test.js" failures="0" time="0.003">
    <testcase name="Domain Can be disposed" time="0.003" classname="Can be disposed">
    </testcase>
  </testsuite>
</testsuites>